// Jest Snapshot v1, https://jestjs.io/docs/snapshot-testing

exports[`MoversTable renders correctly with snapshot 1`] = `
<div>
  <div
    style="border: 1px solid var(--color-border); overflow: hidden;"
  >
    <div
      style="background: var(--color-text); color: var(--color-bg); padding: 12px 16px; font-weight: bold;"
    >
      [ 
      TOP VOLUME
       ]
    </div>
    <table
      style="width: 100%; border-collapse: collapse; font-size: 14px;"
    >
      <thead
        style="background: var(--color-panel-dark); color: var(--color-text);"
      >
        <tr>
          <th
            style="padding: 12px 16px; text-align: left; border-bottom: 1px solid var(--color-border); white-space: nowrap;"
          >
            Item
          </th>
          <th
            style="padding: 12px 16px; text-align: right; border-bottom: 1px solid var(--color-border); white-space: nowrap;"
          >
            Price
          </th>
          <th
            style="padding: 12px 16px; text-align: right; border-bottom: 1px solid var(--color-border); white-space: nowrap;"
          >
            Volume
          </th>
        </tr>
      </thead>
      <tbody>
        <tr
          style="cursor: pointer; background: var(--color-bg);"
        >
          <td
            style="padding: 12px 16px; border-bottom: 1px solid var(--color-border-light);"
          >
            Cannonball
            <span
              style="color: var(--color-text-muted); margin-left: 8px; font-size: 12px;"
            >
              Ammunition
            </span>
          </td>
          <td
            style="padding: 12px 16px; border-bottom: 1px solid var(--color-border-light); text-align: right; font-family: monospace; color: inherit;"
          >
            150
             gp
          </td>
          <td
            style="padding: 12px 16px; border-bottom: 1px solid var(--color-border-light); text-align: right; font-family: monospace; color: var(--color-positive);"
          >
            1,500
          </td>
        </tr>
      </tbody>
    </table>
  </div>
</div>
`;
